Using Expo modules
[Expo] Enabling modular headers for pod ExpoModulesCore
[Expo] Enabling modular headers for pod React-RCTAppDelegate
[Expo] Enabling modular headers for pod React-RCTFabric
[Expo] Enabling modular headers for pod ReactAppDependencyProvider
[Expo] Enabling modular headers for pod React-Core
[Expo] Enabling modular headers for pod ReactCodegen
[Expo] Enabling modular headers for pod RCTRequired
[Expo] Enabling modular headers for pod RCTTypeSafety
[Expo] Enabling modular headers for pod ReactCommon
[Expo] Enabling modular headers for pod React-NativeModulesApple
[Expo] Enabling modular headers for pod Yoga
[Expo] Enabling modular headers for pod React-Fabric
[Expo] Enabling modular headers for pod React-graphics
[Expo] Enabling modular headers for pod React-utils
[Expo] Enabling modular headers for pod React-featureflags
[Expo] Enabling modular headers for pod React-debug
[Expo] Enabling modular headers for pod React-ImageManager
[Expo] Enabling modular headers for pod React-rendererdebug
[Expo] Enabling modular headers for pod React-jsi
[Expo] Enabling modular headers for pod React-renderercss
[Expo] Enabling modular headers for pod hermes-engine
[Expo] Enabling modular headers for pod glog
[Expo] Enabling modular headers for pod boost
[Expo] Enabling modular headers for pod DoubleConversion
[Expo] Enabling modular headers for pod fast_float
[Expo] Enabling modular headers for pod fmt
[Expo] Enabling modular headers for pod RCT-Folly
[Expo] Enabling modular headers for pod SocketRocket
[Expo] Enabling modular headers for pod SDWebImage
[Expo] Enabling modular headers for pod SDWebImageAVIFCoder
[Expo] Enabling modular headers for pod SDWebImageSVGCoder
[Expo] Enabling modular headers for pod SDWebImageWebPCoder
[Expo] Enabling modular headers for pod libavif
[Expo] Enabling modular headers for pod EXImageLoader
[Expo] Enabling modular headers for pod RNScreens
[Expo] Enabling modular headers for pod EXStructuredHeaders
[Expo] Enabling modular headers for pod EXUpdatesInterface
[Expo] Enabling modular headers for pod EXManifests
[Expo] Enabling modular headers for pod EASClient
[Expo] Enabling modular headers for pod ReachabilitySwift
Found 9 modules for target `EduPro`
link_native_modules! {ios_packages: [{configurations: [], name: "@react-native-async-storage/async-storage", root: "/Users/pranjalrathod/Projects/MidnightCuriosity/mobile-rn/node_modules/@react-native-async-storage/async-storage", path: "../node_modules/@react-native-async-storage/async-storage", podspec_path: "/Users/pranjalrathod/Projects/MidnightCuriosity/mobile-rn/node_modules/@react-native-async-storage/async-storage/RNCAsyncStorage.podspec", script_phases: []}, {configurations: [], name: "@react-native-ml-kit/text-recognition", root: "/Users/pranjalrathod/Projects/MidnightCuriosity/mobile-rn/node_modules/@react-native-ml-kit/text-recognition", path: "../node_modules/@react-native-ml-kit/text-recognition", podspec_path: "/Users/pranjalrathod/Projects/MidnightCuriosity/mobile-rn/node_modules/@react-native-ml-kit/text-recognition/RNMLKitTextRecognition.podspec", script_phases: []}, {configurations: [], name: "expo", root: "/Users/pranjalrathod/Projects/MidnightCuriosity/mobile-rn/node_modules/expo", path: "../node_modules/expo", podspec_path: "/Users/pranjalrathod/Projects/MidnightCuriosity/mobile-rn/node_modules/expo/Expo.podspec", script_phases: []}, {configurations: [], name: "react-native-gesture-handler", root: "/Users/pranjalrathod/Projects/MidnightCuriosity/mobile-rn/node_modules/react-native-gesture-handler", path: "../node_modules/react-native-gesture-handler", podspec_path: "/Users/pranjalrathod/Projects/MidnightCuriosity/mobile-rn/node_modules/react-native-gesture-handler/RNGestureHandler.podspec", script_phases: []}, {configurations: [], name: "react-native-reanimated", root: "/Users/pranjalrathod/Projects/MidnightCuriosity/mobile-rn/node_modules/react-native-reanimated", path: "../node_modules/react-native-reanimated", podspec_path: "/Users/pranjalrathod/Projects/MidnightCuriosity/mobile-rn/node_modules/react-native-reanimated/RNReanimated.podspec", script_phases: []}, {configurations: [], name: "react-native-safe-area-context", root: "/Users/pranjalrathod/Projects/MidnightCuriosity/mobile-rn/node_modules/react-native-safe-area-context", path: "../node_modules/react-native-safe-area-context", podspec_path: "/Users/pranjalrathod/Projects/MidnightCuriosity/mobile-rn/node_modules/react-native-safe-area-context/react-native-safe-area-context.podspec", script_phases: []}, {configurations: [], name: "react-native-screens", root: "/Users/pranjalrathod/Projects/MidnightCuriosity/mobile-rn/node_modules/react-native-screens", path: "../node_modules/react-native-screens", podspec_path: "/Users/pranjalrathod/Projects/MidnightCuriosity/mobile-rn/node_modules/react-native-screens/RNScreens.podspec", script_phases: []}, {configurations: [], name: "react-native-svg", root: "/Users/pranjalrathod/Projects/MidnightCuriosity/mobile-rn/node_modules/react-native-svg", path: "../node_modules/react-native-svg", podspec_path: "/Users/pranjalrathod/Projects/MidnightCuriosity/mobile-rn/node_modules/react-native-svg/RNSVG.podspec", script_phases: []}, {configurations: [], name: "react-native-webview", root: "/Users/pranjalrathod/Projects/MidnightCuriosity/mobile-rn/node_modules/react-native-webview", path: "../node_modules/react-native-webview", podspec_path: "/Users/pranjalrathod/Projects/MidnightCuriosity/mobile-rn/node_modules/react-native-webview/react-native-webview.podspec", script_phases: []}], ios_project_root_path: "/Users/pranjalrathod/Projects/MidnightCuriosity/mobile-rn/ios", react_native_path: "../node_modules/react-native"}
Auto-linking React Native modules for target `EduPro`: RNCAsyncStorage, RNGestureHandler, RNMLKitTextRecognition, RNReanimated, RNSVG, RNScreens, react-native-safe-area-context, and react-native-webview
Framework build type is static library
[ReactNativeDependencies] Setting up ReactNativeDependencies...
[ReactNativeDependencies] Building from source: true
[ReactNativeDependencies] Source: 
[ReactNativeCore] Setting up ReactNativeCore...
[ReactNativeCore] Building from source: true
[ReactNativeCore] Source: 
Configuring the target with the Legacy Architecture
[36m[1m[Codegen][0m Analyzing /Users/pranjalrathod/Projects/MidnightCuriosity/mobile-rn/package.json[0m
[36m[1m[Codegen][0m [33mSearching for codegen-enabled libraries in the app.[0m
[36m[1m[Codegen][0m [33mThe "codegenConfig" field is not defined in package.json. Assuming there is nothing to generate at the app level.[0m
[36m[1m[Codegen][0m [33mSearching for codegen-enabled libraries in react-native.config.js[0m
[36m[1m[Codegen][0m Found @react-native-async-storage/async-storage[0m
[36m[1m[Codegen][0m Found react-native-gesture-handler[0m
[36m[1m[Codegen][0m Found react-native-reanimated[0m
[36m[1m[Codegen][0m Found react-native-safe-area-context[0m
[36m[1m[Codegen][0m Found react-native-screens[0m
[36m[1m[Codegen][0m Found react-native-svg[0m
[36m[1m[Codegen][0m Found react-native-webview[0m
[36m[1m[Codegen][0m Processing rnasyncstorage[0m
[36m[1m[Codegen][0m [33mSearching for podspec in the project dependencies.[0m
[36m[1m[Codegen][0m Supported Apple platforms: ios, macos, tvos, visionos for rnasyncstorage[0m
[36m[1m[Codegen][0m Processing rngesturehandler_codegen[0m
[36m[1m[Codegen][0m [33mSearching for podspec in the project dependencies.[0m
[36m[1m[Codegen][0m Supported Apple platforms: ios, macos, tvos, visionos for rngesturehandler_codegen[0m
[36m[1m[Codegen][0m Processing rnreanimated[0m
[36m[1m[Codegen][0m [33mSearching for podspec in the project dependencies.[0m
[36m[1m[Codegen][0m Supported Apple platforms: ios, macos, tvos, visionos for rnreanimated[0m
[36m[1m[Codegen][0m Processing safeareacontext[0m
[36m[1m[Codegen][0m [33mSearching for podspec in the project dependencies.[0m
[36m[1m[Codegen][0m Supported Apple platforms: ios, macos, tvos, visionos for safeareacontext[0m
[36m[1m[Codegen][0m Processing rnscreens[0m
[36m[1m[Codegen][0m [33mSearching for podspec in the project dependencies.[0m
[36m[1m[Codegen][0m Supported Apple platforms: ios, tvos, visionos for rnscreens[0m
[36m[1m[Codegen][0m Processing rnsvg[0m
[36m[1m[Codegen][0m [33mSearching for podspec in the project dependencies.[0m
[36m[1m[Codegen][0m Supported Apple platforms: ios, macos, tvos, visionos for rnsvg[0m
[36m[1m[Codegen][0m Processing RNCWebViewSpec[0m
[36m[1m[Codegen][0m [33mSearching for podspec in the project dependencies.[0m
[36m[1m[Codegen][0m Supported Apple platforms: ios, macos, visionos for RNCWebViewSpec[0m
[36m[1m[Codegen][0m Generating Native Code for rnasyncstorage - ios[0m
[36m[1m[Codegen][0m Generated artifacts: /Users/pranjalrathod/Projects/MidnightCuriosity/mobile-rn/ios/build/generated/ios[0m
[36m[1m[Codegen][0m Generating Native Code for rngesturehandler_codegen - ios[0m
[36m[1m[Codegen][0m Generated artifacts: /Users/pranjalrathod/Projects/MidnightCuriosity/mobile-rn/ios/build/generated/ios[0m
[36m[1m[Codegen][0m Generating Native Code for rnreanimated - ios[0m
[36m[1m[Codegen][0m Generated artifacts: /Users/pranjalrathod/Projects/MidnightCuriosity/mobile-rn/ios/build/generated/ios[0m
[36m[1m[Codegen][0m Generating Native Code for safeareacontext - ios[0m
[36m[1m[Codegen][0m Generated artifacts: /Users/pranjalrathod/Projects/MidnightCuriosity/mobile-rn/ios/build/generated/ios[0m
[36m[1m[Codegen][0m Generating Native Code for rnscreens - ios[0m
[36m[1m[Codegen][0m Generated artifacts: /Users/pranjalrathod/Projects/MidnightCuriosity/mobile-rn/ios/build/generated/ios[0m
[36m[1m[Codegen][0m Generating Native Code for rnsvg - ios[0m
[36m[1m[Codegen][0m Generated artifacts: /Users/pranjalrathod/Projects/MidnightCuriosity/mobile-rn/ios/build/generated/ios[0m
[36m[1m[Codegen][0m Generating Native Code for RNCWebViewSpec - ios[0m
[36m[1m[Codegen][0m Generated artifacts: /Users/pranjalrathod/Projects/MidnightCuriosity/mobile-rn/ios/build/generated/ios[0m
[36m[1m[Codegen][0m Generating RCTThirdPartyComponentsProvider.h[0m
[36m[1m[Codegen][0m Generated artifact: /Users/pranjalrathod/Projects/MidnightCuriosity/mobile-rn/ios/build/generated/ios/RCTThirdPartyComponentsProvider.h[0m
[36m[1m[Codegen][0m Generating RCTThirdPartyComponentsProvider.mm[0m
[36m[1m[Codegen][0m Generated artifact: /Users/pranjalrathod/Projects/MidnightCuriosity/mobile-rn/ios/build/generated/ios/RCTThirdPartyComponentsProvider.mm[0m
[36m[1m[Codegen][0m Generating RCTModulesProvider.h[0m
[36m[1m[Codegen][0m Generated artifact: /Users/pranjalrathod/Projects/MidnightCuriosity/mobile-rn/ios/build/generated/ios/RCTModuleProviders.h[0m
[36m[1m[Codegen][0m Generating RCTModuleProviders.mm[0m
[36m[1m[Codegen][0m Generated artifact: /Users/pranjalrathod/Projects/MidnightCuriosity/mobile-rn/ios/build/generated/ios/RCTModuleProviders.mm[0m
[36m[1m[Codegen][0m Generating RCTAppDependencyProvider[0m
[36m[1m[Codegen][0m Generated artifact: /Users/pranjalrathod/Projects/MidnightCuriosity/mobile-rn/ios/build/generated/ios/RCTAppDependencyProvider.h[0m
[36m[1m[Codegen][0m Generated artifact: /Users/pranjalrathod/Projects/MidnightCuriosity/mobile-rn/ios/build/generated/ios/RCTAppDependencyProvider.mm[0m
[36m[1m[Codegen][0m Generated podspec: /Users/pranjalrathod/Projects/MidnightCuriosity/mobile-rn/ios/build/generated/ios/ReactAppDependencyProvider.podspec[0m
[36m[1m[Codegen][0m Generated podspec: /Users/pranjalrathod/Projects/MidnightCuriosity/mobile-rn/ios/build/generated/ios/ReactCodegen.podspec[0m
[36m[1m[Codegen][0m [33mDone.[0m
Analyzing dependencies
Fetching podspec for `DoubleConversion` from `../node_modules/react-native/third-party-podspecs/DoubleConversion.podspec`
Fetching podspec for `RCT-Folly` from `../node_modules/react-native/third-party-podspecs/RCT-Folly.podspec`
Fetching podspec for `boost` from `../node_modules/react-native/third-party-podspecs/boost.podspec`
Fetching podspec for `fast_float` from `../node_modules/react-native/third-party-podspecs/fast_float.podspec`
Fetching podspec for `fmt` from `../node_modules/react-native/third-party-podspecs/fmt.podspec`
Fetching podspec for `glog` from `../node_modules/react-native/third-party-podspecs/glog.podspec`
Fetching podspec for `hermes-engine` from `../node_modules/react-native/sdks/hermes-engine/hermes-engine.podspec`
[Hermes] Using release tarball from URL: https://repo1.maven.org/maven2/com/facebook/react/react-native-artifacts/0.81.5/react-native-artifacts-0.81.5-hermes-ios-debug.tar.gz
  % Total    % Received % Xferd  Average Speed   Time    Time     Time  Current
                                 Dload  Upload   Total   Spent    Left  Speed
  0     0    0     0    0     0      0      0 --:--:-- --:--:-- --:--:--     0  1 29.0M    1  527k    0     0  6848k      0  0:00:04 --:--:--  0:00:04 6768k 40 29.0M   40 11.6M    0     0  10.8M      0  0:00:02  0:00:01  0:00:01 10.8M 80 29.0M   80 23.4M    0     0  11.2M      0  0:00:02  0:00:02 --:--:-- 11.2M100 29.0M  100 29.0M    0     0  10.9M      0  0:00:02  0:00:02 --:--:-- 10.9M
  % Total    % Received % Xferd  Average Speed   Time    Time     Time  Current
                                 Dload  Upload   Total   Spent    Left  Speed
  0     0    0     0    0     0      0      0 --:--:-- --:--:-- --:--:--     0 19 20.3M   19 4114k    0     0  10.2M      0  0:00:01 --:--:--  0:00:01 10.2M 80 20.3M   80 16.4M    0     0  11.8M      0  0:00:01  0:00:01 --:--:-- 11.8M100 20.3M  100 20.3M    0     0  12.3M      0  0:00:01  0:00:01 --:--:-- 12.3M
Downloading dependencies
Installing DoubleConversion (1.1.6)
Installing EASClient (1.0.8)
Installing EXAV (16.0.8)
Installing EXApplication (7.0.8)
Installing EXConstants (18.0.13)
Installing EXImageLoader (6.0.0)
Installing EXJSONUtils (0.15.0)
Installing EXManifests (1.0.10)
Installing EXNotifications (0.32.16)
Installing EXStructuredHeaders (5.0.0)
Installing EXUpdates (29.0.16)
Installing EXUpdatesInterface (2.0.0)
Installing Expo (54.0.33)
Installing ExpoAsset (12.0.12)
Installing ExpoDevice (8.0.10)
Installing ExpoFileSystem (19.0.21)
Installing ExpoFont (14.0.11)
Installing ExpoHaptics (15.0.8)
Installing ExpoHead (6.0.23)
Installing ExpoImage (3.0.11)
Installing ExpoImageManipulator (14.0.8)
Installing ExpoImagePicker (17.0.10)
Installing ExpoKeepAwake (15.0.8)
Installing ExpoLinearGradient (15.0.8)
Installing ExpoLinking (8.0.11)
Installing ExpoLocalAuthentication (17.0.8)
Installing ExpoModulesCore (3.0.29)
Installing ExpoScreenOrientation (9.0.8)
Installing ExpoSplashScreen (31.0.13)
Installing ExpoSymbols (1.0.8)
Installing ExpoSystemUI (6.0.9)
Installing ExpoWebBrowser (15.0.10)
Installing FBLazyVector (0.81.5)
Installing GTMSessionFetcher (3.5.0)
Installing GoogleDataTransport (10.1.0)
Installing GoogleMLKit (9.0.0)
Installing GoogleToolboxForMac (4.2.1)
Installing GoogleUtilities (8.1.0)
Installing MLImage (1.0.0-beta8)
Installing MLKitCommon (14.0.0)
Installing MLKitTextRecognition (7.0.0)
Installing MLKitTextRecognitionChinese (6.0.0)
Installing MLKitTextRecognitionCommon (6.0.0)
Installing MLKitTextRecognitionDevanagari (6.0.0)
Installing MLKitTextRecognitionJapanese (6.0.0)
Installing MLKitTextRecognitionKorean (6.0.0)
Installing MLKitVision (10.0.0)
Installing PromisesObjC (2.4.0)
Installing RCT-Folly (2024.11.18.00)
Installing RCTDeprecation (0.81.5)
Installing RCTRequired (0.81.5)
Installing RCTTypeSafety (0.81.5)
Installing RNCAsyncStorage (2.2.0)
Installing RNGestureHandler (2.28.0)
Installing RNMLKitTextRecognition (2.0.0)
Installing RNReanimated (3.16.7)
Installing RNSVG (15.12.1)
Installing RNScreens (4.16.0)
Installing ReachabilitySwift (5.2.4)
Installing React (0.81.5)
Installing React-Core (0.81.5)
Installing React-CoreModules (0.81.5)
Installing React-Fabric (0.81.5)
Installing React-FabricComponents (0.81.5)
Installing React-FabricImage (0.81.5)
Installing React-ImageManager (0.81.5)
Installing React-Mapbuffer (0.81.5)
Installing React-NativeModulesApple (0.81.5)
Installing React-RCTActionSheet (0.81.5)
Installing React-RCTAnimation (0.81.5)
Installing React-RCTAppDelegate (0.81.5)
Installing React-RCTBlob (0.81.5)
Installing React-RCTFBReactNativeSpec (0.81.5)
Installing React-RCTFabric (0.81.5)
Installing React-RCTImage (0.81.5)
Installing React-RCTLinking (0.81.5)
Installing React-RCTNetwork (0.81.5)
Installing React-RCTRuntime (0.81.5)
Installing React-RCTSettings (0.81.5)
Installing React-RCTText (0.81.5)
Installing React-RCTVibration (0.81.5)
Installing React-RuntimeApple (0.81.5)
Installing React-RuntimeCore (0.81.5)
Installing React-RuntimeHermes (0.81.5)
Installing React-callinvoker (0.81.5)
Installing React-cxxreact (0.81.5)
Installing React-debug (0.81.5)
Installing React-defaultsnativemodule (0.81.5)
Installing React-domnativemodule (0.81.5)
Installing React-featureflags (0.81.5)
Installing React-featureflagsnativemodule (0.81.5)
Installing React-graphics (0.81.5)
Installing React-hermes (0.81.5)
Installing React-idlecallbacksnativemodule (0.81.5)
Installing React-jserrorhandler (0.81.5)
Installing React-jsi (0.81.5)
Installing React-jsiexecutor (0.81.5)
Installing React-jsinspector (0.81.5)
Installing React-jsinspectorcdp (0.81.5)
Installing React-jsinspectornetwork (0.81.5)
Installing React-jsinspectortracing (0.81.5)
Installing React-jsitooling (0.81.5)
Installing React-jsitracing (0.81.5)
Installing React-logger (0.81.5)
Installing React-microtasksnativemodule (0.81.5)
Installing React-oscompat (0.81.5)
Installing React-perflogger (0.81.5)
Installing React-performancetimeline (0.81.5)
Installing React-rendererconsistency (0.81.5)
Installing React-renderercss (0.81.5)
Installing React-rendererdebug (0.81.5)
Installing React-runtimeexecutor (0.81.5)
Installing React-runtimescheduler (0.81.5)
Installing React-timing (0.81.5)
Installing React-utils (0.81.5)
Installing ReactAppDependencyProvider (0.81.5)
Installing ReactCodegen (0.81.5)
Installing ReactCommon (0.81.5)
Installing SDWebImage (5.21.7)
Installing SDWebImageAVIFCoder (0.11.1)
Installing SDWebImageSVGCoder (1.7.0)
Installing SDWebImageWebPCoder (0.14.6)
Installing SocketRocket (0.7.1)
Installing Yoga (0.0.0)
Installing boost (1.84.0)
Installing fast_float (8.0.0)
Installing fmt (11.0.2)
Installing glog (0.3.5)
Installing hermes-engine (0.81.5)
Installing libavif (1.0.0)
Installing libdav1d (1.2.0)
Installing libwebp (1.5.0)
Installing nanopb (3.30910.0)
Installing react-native-safe-area-context (5.6.2)
Installing react-native-webview (13.15.0)
Generating Pods project
Setting USE_HERMES build settings
Setting REACT_NATIVE_PATH build settings
Setting SWIFT_ACTIVE_COMPILATION_CONDITIONS build settings
[Ccache]: Removing Ccache from CC, LD, CXX & LDPLUSPLUS build settings
[SPM] Cleaning old SPM dependencies from Pods project
[SPM] Adding SPM dependencies to Pods project
[Privacy Manifest Aggregation] No existing PrivacyInfo.xcprivacy file found, creating a new one.
[Privacy Manifest Aggregation] Reading .xcprivacy files to aggregate all used Required Reason APIs.
file_root: EduPro
Setting CLANG_CXX_LANGUAGE_STANDARD to c++20 on /Users/pranjalrathod/Projects/MidnightCuriosity/mobile-rn/ios/EduPro.xcodeproj

==================== DEPRECATION NOTICE =====================
Calling `pod install` directly is deprecated in React Native
because we are moving away from Cocoapods toward alternative
solutions to build the project.
* If you are using Expo, please run:
`npx expo run:ios`
* If you are using the Community CLI, please run:
`yarn ios`
=============================================================

Pod install took 16 [s] to run
Surgically patching xcconfig files...
DEBUG: Patching definitions in DoubleConversion.debug.xcconfig
Patching xcconfig: /Users/pranjalrathod/Projects/MidnightCuriosity/mobile-rn/ios/Pods/Target Support Files/DoubleConversion/DoubleConversion.debug.xcconfig...
DEBUG: Patching definitions in DoubleConversion.release.xcconfig
Patching xcconfig: /Users/pranjalrathod/Projects/MidnightCuriosity/mobile-rn/ios/Pods/Target Support Files/DoubleConversion/DoubleConversion.release.xcconfig...
DEBUG: Patching definitions in EASClient.debug.xcconfig
Patching xcconfig: /Users/pranjalrathod/Projects/MidnightCuriosity/mobile-rn/ios/Pods/Target Support Files/EASClient/EASClient.debug.xcconfig...
DEBUG: Patching definitions in EASClient.release.xcconfig
Patching xcconfig: /Users/pranjalrathod/Projects/MidnightCuriosity/mobile-rn/ios/Pods/Target Support Files/EASClient/EASClient.release.xcconfig...
DEBUG: Patching definitions in EXAV.debug.xcconfig
Patching xcconfig: /Users/pranjalrathod/Projects/MidnightCuriosity/mobile-rn/ios/Pods/Target Support Files/EXAV/EXAV.debug.xcconfig...
DEBUG: Patching definitions in EXAV.release.xcconfig
Patching xcconfig: /Users/pranjalrathod/Projects/MidnightCuriosity/mobile-rn/ios/Pods/Target Support Files/EXAV/EXAV.release.xcconfig...
DEBUG: Patching definitions in EXApplication.debug.xcconfig
Patching xcconfig: /Users/pranjalrathod/Projects/MidnightCuriosity/mobile-rn/ios/Pods/Target Support Files/EXApplication/EXApplication.debug.xcconfig...
DEBUG: Patching definitions in EXApplication.release.xcconfig
Patching xcconfig: /Users/pranjalrathod/Projects/MidnightCuriosity/mobile-rn/ios/Pods/Target Support Files/EXApplication/EXApplication.release.xcconfig...
DEBUG: Patching definitions in EXConstants.debug.xcconfig
Patching xcconfig: /Users/pranjalrathod/Projects/MidnightCuriosity/mobile-rn/ios/Pods/Target Support Files/EXConstants/EXConstants.debug.xcconfig...
DEBUG: Patching definitions in EXConstants.release.xcconfig
Patching xcconfig: /Users/pranjalrathod/Projects/MidnightCuriosity/mobile-rn/ios/Pods/Target Support Files/EXConstants/EXConstants.release.xcconfig...
DEBUG: Patching definitions in EXImageLoader.debug.xcconfig
Patching xcconfig: /Users/pranjalrathod/Projects/MidnightCuriosity/mobile-rn/ios/Pods/Target Support Files/EXImageLoader/EXImageLoader.debug.xcconfig...
DEBUG: Patching definitions in EXImageLoader.release.xcconfig
Patching xcconfig: /Users/pranjalrathod/Projects/MidnightCuriosity/mobile-rn/ios/Pods/Target Support Files/EXImageLoader/EXImageLoader.release.xcconfig...
DEBUG: Patching definitions in EXJSONUtils.debug.xcconfig
Patching xcconfig: /Users/pranjalrathod/Projects/MidnightCuriosity/mobile-rn/ios/Pods/Target Support Files/EXJSONUtils/EXJSONUtils.debug.xcconfig...
DEBUG: Patching definitions in EXJSONUtils.release.xcconfig
Patching xcconfig: /Users/pranjalrathod/Projects/MidnightCuriosity/mobile-rn/ios/Pods/Target Support Files/EXJSONUtils/EXJSONUtils.release.xcconfig...
DEBUG: Patching definitions in EXManifests.debug.xcconfig
Patching xcconfig: /Users/pranjalrathod/Projects/MidnightCuriosity/mobile-rn/ios/Pods/Target Support Files/EXManifests/EXManifests.debug.xcconfig...
DEBUG: Patching definitions in EXManifests.release.xcconfig
Patching xcconfig: /Users/pranjalrathod/Projects/MidnightCuriosity/mobile-rn/ios/Pods/Target Support Files/EXManifests/EXManifests.release.xcconfig...
DEBUG: Patching definitions in EXNotifications.debug.xcconfig
Patching xcconfig: /Users/pranjalrathod/Projects/MidnightCuriosity/mobile-rn/ios/Pods/Target Support Files/EXNotifications/EXNotifications.debug.xcconfig...
DEBUG: Patching definitions in EXNotifications.release.xcconfig
Patching xcconfig: /Users/pranjalrathod/Projects/MidnightCuriosity/mobile-rn/ios/Pods/Target Support Files/EXNotifications/EXNotifications.release.xcconfig...
DEBUG: Patching definitions in EXStructuredHeaders.debug.xcconfig
Patching xcconfig: /Users/pranjalrathod/Projects/MidnightCuriosity/mobile-rn/ios/Pods/Target Support Files/EXStructuredHeaders/EXStructuredHeaders.debug.xcconfig...
DEBUG: Patching definitions in EXStructuredHeaders.release.xcconfig
Patching xcconfig: /Users/pranjalrathod/Projects/MidnightCuriosity/mobile-rn/ios/Pods/Target Support Files/EXStructuredHeaders/EXStructuredHeaders.release.xcconfig...
DEBUG: Patching definitions in EXUpdates.debug.xcconfig
Patching xcconfig: /Users/pranjalrathod/Projects/MidnightCuriosity/mobile-rn/ios/Pods/Target Support Files/EXUpdates/EXUpdates.debug.xcconfig...
DEBUG: Patching definitions in EXUpdates.release.xcconfig
Patching xcconfig: /Users/pranjalrathod/Projects/MidnightCuriosity/mobile-rn/ios/Pods/Target Support Files/EXUpdates/EXUpdates.release.xcconfig...
DEBUG: Patching definitions in EXUpdatesInterface.debug.xcconfig
Patching xcconfig: /Users/pranjalrathod/Projects/MidnightCuriosity/mobile-rn/ios/Pods/Target Support Files/EXUpdatesInterface/EXUpdatesInterface.debug.xcconfig...
DEBUG: Patching definitions in EXUpdatesInterface.release.xcconfig
Patching xcconfig: /Users/pranjalrathod/Projects/MidnightCuriosity/mobile-rn/ios/Pods/Target Support Files/EXUpdatesInterface/EXUpdatesInterface.release.xcconfig...
DEBUG: Patching definitions in Expo.debug.xcconfig
Patching xcconfig: /Users/pranjalrathod/Projects/MidnightCuriosity/mobile-rn/ios/Pods/Target Support Files/Expo/Expo.debug.xcconfig...
DEBUG: Patching definitions in Expo.release.xcconfig
Patching xcconfig: /Users/pranjalrathod/Projects/MidnightCuriosity/mobile-rn/ios/Pods/Target Support Files/Expo/Expo.release.xcconfig...
DEBUG: Patching definitions in ExpoAsset.debug.xcconfig
Patching xcconfig: /Users/pranjalrathod/Projects/MidnightCuriosity/mobile-rn/ios/Pods/Target Support Files/ExpoAsset/ExpoAsset.debug.xcconfig...
DEBUG: Patching definitions in ExpoAsset.release.xcconfig
Patching xcconfig: /Users/pranjalrathod/Projects/MidnightCuriosity/mobile-rn/ios/Pods/Target Support Files/ExpoAsset/ExpoAsset.release.xcconfig...
DEBUG: Patching definitions in ExpoDevice.debug.xcconfig
Patching xcconfig: /Users/pranjalrathod/Projects/MidnightCuriosity/mobile-rn/ios/Pods/Target Support Files/ExpoDevice/ExpoDevice.debug.xcconfig...
DEBUG: Patching definitions in ExpoDevice.release.xcconfig
Patching xcconfig: /Users/pranjalrathod/Projects/MidnightCuriosity/mobile-rn/ios/Pods/Target Support Files/ExpoDevice/ExpoDevice.release.xcconfig...
DEBUG: Patching definitions in ExpoFileSystem.debug.xcconfig
Patching xcconfig: /Users/pranjalrathod/Projects/MidnightCuriosity/mobile-rn/ios/Pods/Target Support Files/ExpoFileSystem/ExpoFileSystem.debug.xcconfig...
DEBUG: Patching definitions in ExpoFileSystem.release.xcconfig
Patching xcconfig: /Users/pranjalrathod/Projects/MidnightCuriosity/mobile-rn/ios/Pods/Target Support Files/ExpoFileSystem/ExpoFileSystem.release.xcconfig...
DEBUG: Patching definitions in ExpoFont.debug.xcconfig
Patching xcconfig: /Users/pranjalrathod/Projects/MidnightCuriosity/mobile-rn/ios/Pods/Target Support Files/ExpoFont/ExpoFont.debug.xcconfig...
DEBUG: Patching definitions in ExpoFont.release.xcconfig
Patching xcconfig: /Users/pranjalrathod/Projects/MidnightCuriosity/mobile-rn/ios/Pods/Target Support Files/ExpoFont/ExpoFont.release.xcconfig...
DEBUG: Patching definitions in ExpoHaptics.debug.xcconfig
Patching xcconfig: /Users/pranjalrathod/Projects/MidnightCuriosity/mobile-rn/ios/Pods/Target Support Files/ExpoHaptics/ExpoHaptics.debug.xcconfig...
DEBUG: Patching definitions in ExpoHaptics.release.xcconfig
Patching xcconfig: /Users/pranjalrathod/Projects/MidnightCuriosity/mobile-rn/ios/Pods/Target Support Files/ExpoHaptics/ExpoHaptics.release.xcconfig...
DEBUG: Patching definitions in ExpoHead.debug.xcconfig
Patching xcconfig: /Users/pranjalrathod/Projects/MidnightCuriosity/mobile-rn/ios/Pods/Target Support Files/ExpoHead/ExpoHead.debug.xcconfig...
DEBUG: Patching definitions in ExpoHead.release.xcconfig
Patching xcconfig: /Users/pranjalrathod/Projects/MidnightCuriosity/mobile-rn/ios/Pods/Target Support Files/ExpoHead/ExpoHead.release.xcconfig...
DEBUG: Patching definitions in ExpoImage.debug.xcconfig
Patching xcconfig: /Users/pranjalrathod/Projects/MidnightCuriosity/mobile-rn/ios/Pods/Target Support Files/ExpoImage/ExpoImage.debug.xcconfig...
DEBUG: Patching definitions in ExpoImage.release.xcconfig
Patching xcconfig: /Users/pranjalrathod/Projects/MidnightCuriosity/mobile-rn/ios/Pods/Target Support Files/ExpoImage/ExpoImage.release.xcconfig...
DEBUG: Patching definitions in ExpoImageManipulator.debug.xcconfig
Patching xcconfig: /Users/pranjalrathod/Projects/MidnightCuriosity/mobile-rn/ios/Pods/Target Support Files/ExpoImageManipulator/ExpoImageManipulator.debug.xcconfig...
DEBUG: Patching definitions in ExpoImageManipulator.release.xcconfig
Patching xcconfig: /Users/pranjalrathod/Projects/MidnightCuriosity/mobile-rn/ios/Pods/Target Support Files/ExpoImageManipulator/ExpoImageManipulator.release.xcconfig...
DEBUG: Patching definitions in ExpoImagePicker.debug.xcconfig
Patching xcconfig: /Users/pranjalrathod/Projects/MidnightCuriosity/mobile-rn/ios/Pods/Target Support Files/ExpoImagePicker/ExpoImagePicker.debug.xcconfig...
DEBUG: Patching definitions in ExpoImagePicker.release.xcconfig
Patching xcconfig: /Users/pranjalrathod/Projects/MidnightCuriosity/mobile-rn/ios/Pods/Target Support Files/ExpoImagePicker/ExpoImagePicker.release.xcconfig...
DEBUG: Patching definitions in ExpoKeepAwake.debug.xcconfig
Patching xcconfig: /Users/pranjalrathod/Projects/MidnightCuriosity/mobile-rn/ios/Pods/Target Support Files/ExpoKeepAwake/ExpoKeepAwake.debug.xcconfig...
DEBUG: Patching definitions in ExpoKeepAwake.release.xcconfig
Patching xcconfig: /Users/pranjalrathod/Projects/MidnightCuriosity/mobile-rn/ios/Pods/Target Support Files/ExpoKeepAwake/ExpoKeepAwake.release.xcconfig...
DEBUG: Patching definitions in ExpoLinearGradient.debug.xcconfig
Patching xcconfig: /Users/pranjalrathod/Projects/MidnightCuriosity/mobile-rn/ios/Pods/Target Support Files/ExpoLinearGradient/ExpoLinearGradient.debug.xcconfig...
DEBUG: Patching definitions in ExpoLinearGradient.release.xcconfig
Patching xcconfig: /Users/pranjalrathod/Projects/MidnightCuriosity/mobile-rn/ios/Pods/Target Support Files/ExpoLinearGradient/ExpoLinearGradient.release.xcconfig...
DEBUG: Patching definitions in ExpoLinking.debug.xcconfig
Patching xcconfig: /Users/pranjalrathod/Projects/MidnightCuriosity/mobile-rn/ios/Pods/Target Support Files/ExpoLinking/ExpoLinking.debug.xcconfig...
DEBUG: Patching definitions in ExpoLinking.release.xcconfig
Patching xcconfig: /Users/pranjalrathod/Projects/MidnightCuriosity/mobile-rn/ios/Pods/Target Support Files/ExpoLinking/ExpoLinking.release.xcconfig...
DEBUG: Patching definitions in ExpoLocalAuthentication.debug.xcconfig
Patching xcconfig: /Users/pranjalrathod/Projects/MidnightCuriosity/mobile-rn/ios/Pods/Target Support Files/ExpoLocalAuthentication/ExpoLocalAuthentication.debug.xcconfig...
DEBUG: Patching definitions in ExpoLocalAuthentication.release.xcconfig
Patching xcconfig: /Users/pranjalrathod/Projects/MidnightCuriosity/mobile-rn/ios/Pods/Target Support Files/ExpoLocalAuthentication/ExpoLocalAuthentication.release.xcconfig...
DEBUG: Patching definitions in ExpoModulesCore.debug.xcconfig
Patching xcconfig: /Users/pranjalrathod/Projects/MidnightCuriosity/mobile-rn/ios/Pods/Target Support Files/ExpoModulesCore/ExpoModulesCore.debug.xcconfig...
DEBUG: Patching definitions in ExpoModulesCore.release.xcconfig
Patching xcconfig: /Users/pranjalrathod/Projects/MidnightCuriosity/mobile-rn/ios/Pods/Target Support Files/ExpoModulesCore/ExpoModulesCore.release.xcconfig...
DEBUG: Patching definitions in ExpoScreenOrientation.debug.xcconfig
Patching xcconfig: /Users/pranjalrathod/Projects/MidnightCuriosity/mobile-rn/ios/Pods/Target Support Files/ExpoScreenOrientation/ExpoScreenOrientation.debug.xcconfig...
DEBUG: Patching definitions in ExpoScreenOrientation.release.xcconfig
Patching xcconfig: /Users/pranjalrathod/Projects/MidnightCuriosity/mobile-rn/ios/Pods/Target Support Files/ExpoScreenOrientation/ExpoScreenOrientation.release.xcconfig...
DEBUG: Patching definitions in ExpoSplashScreen.debug.xcconfig
Patching xcconfig: /Users/pranjalrathod/Projects/MidnightCuriosity/mobile-rn/ios/Pods/Target Support Files/ExpoSplashScreen/ExpoSplashScreen.debug.xcconfig...
DEBUG: Patching definitions in ExpoSplashScreen.release.xcconfig
Patching xcconfig: /Users/pranjalrathod/Projects/MidnightCuriosity/mobile-rn/ios/Pods/Target Support Files/ExpoSplashScreen/ExpoSplashScreen.release.xcconfig...
DEBUG: Patching definitions in ExpoSymbols.debug.xcconfig
Patching xcconfig: /Users/pranjalrathod/Projects/MidnightCuriosity/mobile-rn/ios/Pods/Target Support Files/ExpoSymbols/ExpoSymbols.debug.xcconfig...
DEBUG: Patching definitions in ExpoSymbols.release.xcconfig
Patching xcconfig: /Users/pranjalrathod/Projects/MidnightCuriosity/mobile-rn/ios/Pods/Target Support Files/ExpoSymbols/ExpoSymbols.release.xcconfig...
DEBUG: Patching definitions in ExpoSystemUI.debug.xcconfig
Patching xcconfig: /Users/pranjalrathod/Projects/MidnightCuriosity/mobile-rn/ios/Pods/Target Support Files/ExpoSystemUI/ExpoSystemUI.debug.xcconfig...
DEBUG: Patching definitions in ExpoSystemUI.release.xcconfig
Patching xcconfig: /Users/pranjalrathod/Projects/MidnightCuriosity/mobile-rn/ios/Pods/Target Support Files/ExpoSystemUI/ExpoSystemUI.release.xcconfig...
DEBUG: Patching definitions in ExpoWebBrowser.debug.xcconfig
Patching xcconfig: /Users/pranjalrathod/Projects/MidnightCuriosity/mobile-rn/ios/Pods/Target Support Files/ExpoWebBrowser/ExpoWebBrowser.debug.xcconfig...
DEBUG: Patching definitions in ExpoWebBrowser.release.xcconfig
Patching xcconfig: /Users/pranjalrathod/Projects/MidnightCuriosity/mobile-rn/ios/Pods/Target Support Files/ExpoWebBrowser/ExpoWebBrowser.release.xcconfig...
DEBUG: Patching definitions in FBLazyVector.debug.xcconfig
Patching xcconfig: /Users/pranjalrathod/Projects/MidnightCuriosity/mobile-rn/ios/Pods/Target Support Files/FBLazyVector/FBLazyVector.debug.xcconfig...
DEBUG: Patching definitions in FBLazyVector.release.xcconfig
Patching xcconfig: /Users/pranjalrathod/Projects/MidnightCuriosity/mobile-rn/ios/Pods/Target Support Files/FBLazyVector/FBLazyVector.release.xcconfig...
DEBUG: Patching definitions in GTMSessionFetcher.debug.xcconfig
Patching xcconfig: /Users/pranjalrathod/Projects/MidnightCuriosity/mobile-rn/ios/Pods/Target Support Files/GTMSessionFetcher/GTMSessionFetcher.debug.xcconfig...
DEBUG: Patching definitions in GTMSessionFetcher.release.xcconfig
Patching xcconfig: /Users/pranjalrathod/Projects/MidnightCuriosity/mobile-rn/ios/Pods/Target Support Files/GTMSessionFetcher/GTMSessionFetcher.release.xcconfig...
DEBUG: Patching definitions in GoogleDataTransport.debug.xcconfig
Patching xcconfig: /Users/pranjalrathod/Projects/MidnightCuriosity/mobile-rn/ios/Pods/Target Support Files/GoogleDataTransport/GoogleDataTransport.debug.xcconfig...
DEBUG: Patching definitions in GoogleDataTransport.release.xcconfig
Patching xcconfig: /Users/pranjalrathod/Projects/MidnightCuriosity/mobile-rn/ios/Pods/Target Support Files/GoogleDataTransport/GoogleDataTransport.release.xcconfig...
DEBUG: Patching definitions in GoogleMLKit.debug.xcconfig
Patching xcconfig: /Users/pranjalrathod/Projects/MidnightCuriosity/mobile-rn/ios/Pods/Target Support Files/GoogleMLKit/GoogleMLKit.debug.xcconfig...
DEBUG: Patching definitions in GoogleMLKit.release.xcconfig
Patching xcconfig: /Users/pranjalrathod/Projects/MidnightCuriosity/mobile-rn/ios/Pods/Target Support Files/GoogleMLKit/GoogleMLKit.release.xcconfig...
DEBUG: Patching definitions in GoogleToolboxForMac.debug.xcconfig
Patching xcconfig: /Users/pranjalrathod/Projects/MidnightCuriosity/mobile-rn/ios/Pods/Target Support Files/GoogleToolboxForMac/GoogleToolboxForMac.debug.xcconfig...
DEBUG: Patching definitions in GoogleToolboxForMac.release.xcconfig
Patching xcconfig: /Users/pranjalrathod/Projects/MidnightCuriosity/mobile-rn/ios/Pods/Target Support Files/GoogleToolboxForMac/GoogleToolboxForMac.release.xcconfig...
DEBUG: Patching definitions in GoogleUtilities.debug.xcconfig
Patching xcconfig: /Users/pranjalrathod/Projects/MidnightCuriosity/mobile-rn/ios/Pods/Target Support Files/GoogleUtilities/GoogleUtilities.debug.xcconfig...
DEBUG: Patching definitions in GoogleUtilities.release.xcconfig
Patching xcconfig: /Users/pranjalrathod/Projects/MidnightCuriosity/mobile-rn/ios/Pods/Target Support Files/GoogleUtilities/GoogleUtilities.release.xcconfig...
DEBUG: Patching definitions in MLImage.debug.xcconfig
Patching xcconfig: /Users/pranjalrathod/Projects/MidnightCuriosity/mobile-rn/ios/Pods/Target Support Files/MLImage/MLImage.debug.xcconfig...
DEBUG: Patching definitions in MLImage.release.xcconfig
Patching xcconfig: /Users/pranjalrathod/Projects/MidnightCuriosity/mobile-rn/ios/Pods/Target Support Files/MLImage/MLImage.release.xcconfig...
DEBUG: Patching definitions in MLKitCommon.debug.xcconfig
Patching xcconfig: /Users/pranjalrathod/Projects/MidnightCuriosity/mobile-rn/ios/Pods/Target Support Files/MLKitCommon/MLKitCommon.debug.xcconfig...
DEBUG: Patching definitions in MLKitCommon.release.xcconfig
Patching xcconfig: /Users/pranjalrathod/Projects/MidnightCuriosity/mobile-rn/ios/Pods/Target Support Files/MLKitCommon/MLKitCommon.release.xcconfig...
DEBUG: Patching definitions in MLKitTextRecognition.debug.xcconfig
Patching xcconfig: /Users/pranjalrathod/Projects/MidnightCuriosity/mobile-rn/ios/Pods/Target Support Files/MLKitTextRecognition/MLKitTextRecognition.debug.xcconfig...
DEBUG: Patching definitions in MLKitTextRecognition.release.xcconfig
Patching xcconfig: /Users/pranjalrathod/Projects/MidnightCuriosity/mobile-rn/ios/Pods/Target Support Files/MLKitTextRecognition/MLKitTextRecognition.release.xcconfig...
DEBUG: Patching definitions in MLKitTextRecognitionChinese.debug.xcconfig
Patching xcconfig: /Users/pranjalrathod/Projects/MidnightCuriosity/mobile-rn/ios/Pods/Target Support Files/MLKitTextRecognitionChinese/MLKitTextRecognitionChinese.debug.xcconfig...
DEBUG: Patching definitions in MLKitTextRecognitionChinese.release.xcconfig
Patching xcconfig: /Users/pranjalrathod/Projects/MidnightCuriosity/mobile-rn/ios/Pods/Target Support Files/MLKitTextRecognitionChinese/MLKitTextRecognitionChinese.release.xcconfig...
DEBUG: Patching definitions in MLKitTextRecognitionCommon.debug.xcconfig
Patching xcconfig: /Users/pranjalrathod/Projects/MidnightCuriosity/mobile-rn/ios/Pods/Target Support Files/MLKitTextRecognitionCommon/MLKitTextRecognitionCommon.debug.xcconfig...
DEBUG: Patching definitions in MLKitTextRecognitionCommon.release.xcconfig
Patching xcconfig: /Users/pranjalrathod/Projects/MidnightCuriosity/mobile-rn/ios/Pods/Target Support Files/MLKitTextRecognitionCommon/MLKitTextRecognitionCommon.release.xcconfig...
DEBUG: Patching definitions in MLKitTextRecognitionDevanagari.debug.xcconfig
Patching xcconfig: /Users/pranjalrathod/Projects/MidnightCuriosity/mobile-rn/ios/Pods/Target Support Files/MLKitTextRecognitionDevanagari/MLKitTextRecognitionDevanagari.debug.xcconfig...
DEBUG: Patching definitions in MLKitTextRecognitionDevanagari.release.xcconfig
Patching xcconfig: /Users/pranjalrathod/Projects/MidnightCuriosity/mobile-rn/ios/Pods/Target Support Files/MLKitTextRecognitionDevanagari/MLKitTextRecognitionDevanagari.release.xcconfig...
DEBUG: Patching definitions in MLKitTextRecognitionJapanese.debug.xcconfig
Patching xcconfig: /Users/pranjalrathod/Projects/MidnightCuriosity/mobile-rn/ios/Pods/Target Support Files/MLKitTextRecognitionJapanese/MLKitTextRecognitionJapanese.debug.xcconfig...
DEBUG: Patching definitions in MLKitTextRecognitionJapanese.release.xcconfig
Patching xcconfig: /Users/pranjalrathod/Projects/MidnightCuriosity/mobile-rn/ios/Pods/Target Support Files/MLKitTextRecognitionJapanese/MLKitTextRecognitionJapanese.release.xcconfig...
DEBUG: Patching definitions in MLKitTextRecognitionKorean.debug.xcconfig
Patching xcconfig: /Users/pranjalrathod/Projects/MidnightCuriosity/mobile-rn/ios/Pods/Target Support Files/MLKitTextRecognitionKorean/MLKitTextRecognitionKorean.debug.xcconfig...
DEBUG: Patching definitions in MLKitTextRecognitionKorean.release.xcconfig
Patching xcconfig: /Users/pranjalrathod/Projects/MidnightCuriosity/mobile-rn/ios/Pods/Target Support Files/MLKitTextRecognitionKorean/MLKitTextRecognitionKorean.release.xcconfig...
DEBUG: Patching definitions in MLKitVision.debug.xcconfig
Patching xcconfig: /Users/pranjalrathod/Projects/MidnightCuriosity/mobile-rn/ios/Pods/Target Support Files/MLKitVision/MLKitVision.debug.xcconfig...
DEBUG: Patching definitions in MLKitVision.release.xcconfig
Patching xcconfig: /Users/pranjalrathod/Projects/MidnightCuriosity/mobile-rn/ios/Pods/Target Support Files/MLKitVision/MLKitVision.release.xcconfig...
DEBUG: Patching definitions in Pods-EduPro.debug.xcconfig
Patching xcconfig: /Users/pranjalrathod/Projects/MidnightCuriosity/mobile-rn/ios/Pods/Target Support Files/Pods-EduPro/Pods-EduPro.debug.xcconfig...
DEBUG: Patching definitions in Pods-EduPro.release.xcconfig
Patching xcconfig: /Users/pranjalrathod/Projects/MidnightCuriosity/mobile-rn/ios/Pods/Target Support Files/Pods-EduPro/Pods-EduPro.release.xcconfig...
DEBUG: Patching definitions in PromisesObjC.debug.xcconfig
Patching xcconfig: /Users/pranjalrathod/Projects/MidnightCuriosity/mobile-rn/ios/Pods/Target Support Files/PromisesObjC/PromisesObjC.debug.xcconfig...
DEBUG: Patching definitions in PromisesObjC.release.xcconfig
Patching xcconfig: /Users/pranjalrathod/Projects/MidnightCuriosity/mobile-rn/ios/Pods/Target Support Files/PromisesObjC/PromisesObjC.release.xcconfig...
DEBUG: Patching definitions in RCT-Folly.debug.xcconfig
Patching xcconfig: /Users/pranjalrathod/Projects/MidnightCuriosity/mobile-rn/ios/Pods/Target Support Files/RCT-Folly/RCT-Folly.debug.xcconfig...
DEBUG: Patching definitions in RCT-Folly.release.xcconfig
Patching xcconfig: /Users/pranjalrathod/Projects/MidnightCuriosity/mobile-rn/ios/Pods/Target Support Files/RCT-Folly/RCT-Folly.release.xcconfig...
DEBUG: Patching definitions in RCTDeprecation.debug.xcconfig
Patching xcconfig: /Users/pranjalrathod/Projects/MidnightCuriosity/mobile-rn/ios/Pods/Target Support Files/RCTDeprecation/RCTDeprecation.debug.xcconfig...
DEBUG: Patching definitions in RCTDeprecation.release.xcconfig
Patching xcconfig: /Users/pranjalrathod/Projects/MidnightCuriosity/mobile-rn/ios/Pods/Target Support Files/RCTDeprecation/RCTDeprecation.release.xcconfig...
DEBUG: Patching definitions in RCTRequired.debug.xcconfig
Patching xcconfig: /Users/pranjalrathod/Projects/MidnightCuriosity/mobile-rn/ios/Pods/Target Support Files/RCTRequired/RCTRequired.debug.xcconfig...
DEBUG: Patching definitions in RCTRequired.release.xcconfig
Patching xcconfig: /Users/pranjalrathod/Projects/MidnightCuriosity/mobile-rn/ios/Pods/Target Support Files/RCTRequired/RCTRequired.release.xcconfig...
DEBUG: Patching definitions in RCTTypeSafety.debug.xcconfig
Patching xcconfig: /Users/pranjalrathod/Projects/MidnightCuriosity/mobile-rn/ios/Pods/Target Support Files/RCTTypeSafety/RCTTypeSafety.debug.xcconfig...
DEBUG: Patching definitions in RCTTypeSafety.release.xcconfig
Patching xcconfig: /Users/pranjalrathod/Projects/MidnightCuriosity/mobile-rn/ios/Pods/Target Support Files/RCTTypeSafety/RCTTypeSafety.release.xcconfig...
DEBUG: Patching definitions in RNCAsyncStorage.debug.xcconfig
Patching xcconfig: /Users/pranjalrathod/Projects/MidnightCuriosity/mobile-rn/ios/Pods/Target Support Files/RNCAsyncStorage/RNCAsyncStorage.debug.xcconfig...
DEBUG: Patching definitions in RNCAsyncStorage.release.xcconfig
Patching xcconfig: /Users/pranjalrathod/Projects/MidnightCuriosity/mobile-rn/ios/Pods/Target Support Files/RNCAsyncStorage/RNCAsyncStorage.release.xcconfig...
DEBUG: Patching definitions in RNGestureHandler.debug.xcconfig
Patching xcconfig: /Users/pranjalrathod/Projects/MidnightCuriosity/mobile-rn/ios/Pods/Target Support Files/RNGestureHandler/RNGestureHandler.debug.xcconfig...
DEBUG: Patching definitions in RNGestureHandler.release.xcconfig
Patching xcconfig: /Users/pranjalrathod/Projects/MidnightCuriosity/mobile-rn/ios/Pods/Target Support Files/RNGestureHandler/RNGestureHandler.release.xcconfig...
DEBUG: Patching definitions in RNMLKitTextRecognition.debug.xcconfig
Patching xcconfig: /Users/pranjalrathod/Projects/MidnightCuriosity/mobile-rn/ios/Pods/Target Support Files/RNMLKitTextRecognition/RNMLKitTextRecognition.debug.xcconfig...
DEBUG: Patching definitions in RNMLKitTextRecognition.release.xcconfig
Patching xcconfig: /Users/pranjalrathod/Projects/MidnightCuriosity/mobile-rn/ios/Pods/Target Support Files/RNMLKitTextRecognition/RNMLKitTextRecognition.release.xcconfig...
DEBUG: Patching definitions in RNReanimated.debug.xcconfig
DEBUG: Patching definitions in RNReanimated.debug.xcconfig
DEBUG: Patching definitions in RNReanimated.debug.xcconfig
Patching xcconfig: /Users/pranjalrathod/Projects/MidnightCuriosity/mobile-rn/ios/Pods/Target Support Files/RNReanimated/RNReanimated.debug.xcconfig...
DEBUG: Patching definitions in RNReanimated.release.xcconfig
DEBUG: Patching definitions in RNReanimated.release.xcconfig
DEBUG: Patching definitions in RNReanimated.release.xcconfig
Patching xcconfig: /Users/pranjalrathod/Projects/MidnightCuriosity/mobile-rn/ios/Pods/Target Support Files/RNReanimated/RNReanimated.release.xcconfig...
DEBUG: Patching definitions in RNSVG.debug.xcconfig
Patching xcconfig: /Users/pranjalrathod/Projects/MidnightCuriosity/mobile-rn/ios/Pods/Target Support Files/RNSVG/RNSVG.debug.xcconfig...
DEBUG: Patching definitions in RNSVG.release.xcconfig
Patching xcconfig: /Users/pranjalrathod/Projects/MidnightCuriosity/mobile-rn/ios/Pods/Target Support Files/RNSVG/RNSVG.release.xcconfig...
DEBUG: Patching definitions in RNScreens.debug.xcconfig
Patching xcconfig: /Users/pranjalrathod/Projects/MidnightCuriosity/mobile-rn/ios/Pods/Target Support Files/RNScreens/RNScreens.debug.xcconfig...
DEBUG: Patching definitions in RNScreens.release.xcconfig
Patching xcconfig: /Users/pranjalrathod/Projects/MidnightCuriosity/mobile-rn/ios/Pods/Target Support Files/RNScreens/RNScreens.release.xcconfig...
DEBUG: Patching definitions in ReachabilitySwift.debug.xcconfig
Patching xcconfig: /Users/pranjalrathod/Projects/MidnightCuriosity/mobile-rn/ios/Pods/Target Support Files/ReachabilitySwift/ReachabilitySwift.debug.xcconfig...
DEBUG: Patching definitions in ReachabilitySwift.release.xcconfig
Patching xcconfig: /Users/pranjalrathod/Projects/MidnightCuriosity/mobile-rn/ios/Pods/Target Support Files/ReachabilitySwift/ReachabilitySwift.release.xcconfig...
DEBUG: Patching definitions in React.debug.xcconfig
Patching xcconfig: /Users/pranjalrathod/Projects/MidnightCuriosity/mobile-rn/ios/Pods/Target Support Files/React/React.debug.xcconfig...
DEBUG: Patching definitions in React.release.xcconfig
Patching xcconfig: /Users/pranjalrathod/Projects/MidnightCuriosity/mobile-rn/ios/Pods/Target Support Files/React/React.release.xcconfig...
DEBUG: Patching definitions in React-Core.debug.xcconfig
Patching xcconfig: /Users/pranjalrathod/Projects/MidnightCuriosity/mobile-rn/ios/Pods/Target Support Files/React-Core/React-Core.debug.xcconfig...
DEBUG: Patching definitions in React-Core.release.xcconfig
Patching xcconfig: /Users/pranjalrathod/Projects/MidnightCuriosity/mobile-rn/ios/Pods/Target Support Files/React-Core/React-Core.release.xcconfig...
DEBUG: Patching definitions in React-CoreModules.debug.xcconfig
Patching xcconfig: /Users/pranjalrathod/Projects/MidnightCuriosity/mobile-rn/ios/Pods/Target Support Files/React-CoreModules/React-CoreModules.debug.xcconfig...
DEBUG: Patching definitions in React-CoreModules.release.xcconfig
Patching xcconfig: /Users/pranjalrathod/Projects/MidnightCuriosity/mobile-rn/ios/Pods/Target Support Files/React-CoreModules/React-CoreModules.release.xcconfig...
DEBUG: Patching definitions in React-Fabric.debug.xcconfig
Patching xcconfig: /Users/pranjalrathod/Projects/MidnightCuriosity/mobile-rn/ios/Pods/Target Support Files/React-Fabric/React-Fabric.debug.xcconfig...
DEBUG: Patching definitions in React-Fabric.release.xcconfig
Patching xcconfig: /Users/pranjalrathod/Projects/MidnightCuriosity/mobile-rn/ios/Pods/Target Support Files/React-Fabric/React-Fabric.release.xcconfig...
DEBUG: Patching definitions in React-FabricComponents.debug.xcconfig
Patching xcconfig: /Users/pranjalrathod/Projects/MidnightCuriosity/mobile-rn/ios/Pods/Target Support Files/React-FabricComponents/React-FabricComponents.debug.xcconfig...
DEBUG: Patching definitions in React-FabricComponents.release.xcconfig
Patching xcconfig: /Users/pranjalrathod/Projects/MidnightCuriosity/mobile-rn/ios/Pods/Target Support Files/React-FabricComponents/React-FabricComponents.release.xcconfig...
DEBUG: Patching definitions in React-FabricImage.debug.xcconfig
Patching xcconfig: /Users/pranjalrathod/Projects/MidnightCuriosity/mobile-rn/ios/Pods/Target Support Files/React-FabricImage/React-FabricImage.debug.xcconfig...
DEBUG: Patching definitions in React-FabricImage.release.xcconfig
Patching xcconfig: /Users/pranjalrathod/Projects/MidnightCuriosity/mobile-rn/ios/Pods/Target Support Files/React-FabricImage/React-FabricImage.release.xcconfig...
DEBUG: Patching definitions in React-ImageManager.debug.xcconfig
Patching xcconfig: /Users/pranjalrathod/Projects/MidnightCuriosity/mobile-rn/ios/Pods/Target Support Files/React-ImageManager/React-ImageManager.debug.xcconfig...
DEBUG: Patching definitions in React-ImageManager.release.xcconfig
Patching xcconfig: /Users/pranjalrathod/Projects/MidnightCuriosity/mobile-rn/ios/Pods/Target Support Files/React-ImageManager/React-ImageManager.release.xcconfig...
DEBUG: Patching definitions in React-Mapbuffer.debug.xcconfig
Patching xcconfig: /Users/pranjalrathod/Projects/MidnightCuriosity/mobile-rn/ios/Pods/Target Support Files/React-Mapbuffer/React-Mapbuffer.debug.xcconfig...
DEBUG: Patching definitions in React-Mapbuffer.release.xcconfig
Patching xcconfig: /Users/pranjalrathod/Projects/MidnightCuriosity/mobile-rn/ios/Pods/Target Support Files/React-Mapbuffer/React-Mapbuffer.release.xcconfig...
DEBUG: Patching definitions in React-NativeModulesApple.debug.xcconfig
Patching xcconfig: /Users/pranjalrathod/Projects/MidnightCuriosity/mobile-rn/ios/Pods/Target Support Files/React-NativeModulesApple/React-NativeModulesApple.debug.xcconfig...
DEBUG: Patching definitions in React-NativeModulesApple.release.xcconfig
Patching xcconfig: /Users/pranjalrathod/Projects/MidnightCuriosity/mobile-rn/ios/Pods/Target Support Files/React-NativeModulesApple/React-NativeModulesApple.release.xcconfig...
DEBUG: Patching definitions in React-RCTActionSheet.debug.xcconfig
Patching xcconfig: /Users/pranjalrathod/Projects/MidnightCuriosity/mobile-rn/ios/Pods/Target Support Files/React-RCTActionSheet/React-RCTActionSheet.debug.xcconfig...
DEBUG: Patching definitions in React-RCTActionSheet.release.xcconfig
Patching xcconfig: /Users/pranjalrathod/Projects/MidnightCuriosity/mobile-rn/ios/Pods/Target Support Files/React-RCTActionSheet/React-RCTActionSheet.release.xcconfig...
DEBUG: Patching definitions in React-RCTAnimation.debug.xcconfig
Patching xcconfig: /Users/pranjalrathod/Projects/MidnightCuriosity/mobile-rn/ios/Pods/Target Support Files/React-RCTAnimation/React-RCTAnimation.debug.xcconfig...
DEBUG: Patching definitions in React-RCTAnimation.release.xcconfig
Patching xcconfig: /Users/pranjalrathod/Projects/MidnightCuriosity/mobile-rn/ios/Pods/Target Support Files/React-RCTAnimation/React-RCTAnimation.release.xcconfig...
DEBUG: Patching definitions in React-RCTAppDelegate.debug.xcconfig
Patching xcconfig: /Users/pranjalrathod/Projects/MidnightCuriosity/mobile-rn/ios/Pods/Target Support Files/React-RCTAppDelegate/React-RCTAppDelegate.debug.xcconfig...
DEBUG: Patching definitions in React-RCTAppDelegate.release.xcconfig
Patching xcconfig: /Users/pranjalrathod/Projects/MidnightCuriosity/mobile-rn/ios/Pods/Target Support Files/React-RCTAppDelegate/React-RCTAppDelegate.release.xcconfig...
DEBUG: Patching definitions in React-RCTBlob.debug.xcconfig
Patching xcconfig: /Users/pranjalrathod/Projects/MidnightCuriosity/mobile-rn/ios/Pods/Target Support Files/React-RCTBlob/React-RCTBlob.debug.xcconfig...
DEBUG: Patching definitions in React-RCTBlob.release.xcconfig
Patching xcconfig: /Users/pranjalrathod/Projects/MidnightCuriosity/mobile-rn/ios/Pods/Target Support Files/React-RCTBlob/React-RCTBlob.release.xcconfig...
DEBUG: Patching definitions in React-RCTFBReactNativeSpec.debug.xcconfig
Patching xcconfig: /Users/pranjalrathod/Projects/MidnightCuriosity/mobile-rn/ios/Pods/Target Support Files/React-RCTFBReactNativeSpec/React-RCTFBReactNativeSpec.debug.xcconfig...
DEBUG: Patching definitions in React-RCTFBReactNativeSpec.release.xcconfig
Patching xcconfig: /Users/pranjalrathod/Projects/MidnightCuriosity/mobile-rn/ios/Pods/Target Support Files/React-RCTFBReactNativeSpec/React-RCTFBReactNativeSpec.release.xcconfig...
DEBUG: Patching definitions in React-RCTFabric.debug.xcconfig
Patching xcconfig: /Users/pranjalrathod/Projects/MidnightCuriosity/mobile-rn/ios/Pods/Target Support Files/React-RCTFabric/React-RCTFabric.debug.xcconfig...
DEBUG: Patching definitions in React-RCTFabric.release.xcconfig
Patching xcconfig: /Users/pranjalrathod/Projects/MidnightCuriosity/mobile-rn/ios/Pods/Target Support Files/React-RCTFabric/React-RCTFabric.release.xcconfig...
DEBUG: Patching definitions in React-RCTImage.debug.xcconfig
Patching xcconfig: /Users/pranjalrathod/Projects/MidnightCuriosity/mobile-rn/ios/Pods/Target Support Files/React-RCTImage/React-RCTImage.debug.xcconfig...
DEBUG: Patching definitions in React-RCTImage.release.xcconfig
Patching xcconfig: /Users/pranjalrathod/Projects/MidnightCuriosity/mobile-rn/ios/Pods/Target Support Files/React-RCTImage/React-RCTImage.release.xcconfig...
DEBUG: Patching definitions in React-RCTLinking.debug.xcconfig
Patching xcconfig: /Users/pranjalrathod/Projects/MidnightCuriosity/mobile-rn/ios/Pods/Target Support Files/React-RCTLinking/React-RCTLinking.debug.xcconfig...
DEBUG: Patching definitions in React-RCTLinking.release.xcconfig
Patching xcconfig: /Users/pranjalrathod/Projects/MidnightCuriosity/mobile-rn/ios/Pods/Target Support Files/React-RCTLinking/React-RCTLinking.release.xcconfig...
DEBUG: Patching definitions in React-RCTNetwork.debug.xcconfig
Patching xcconfig: /Users/pranjalrathod/Projects/MidnightCuriosity/mobile-rn/ios/Pods/Target Support Files/React-RCTNetwork/React-RCTNetwork.debug.xcconfig...
DEBUG: Patching definitions in React-RCTNetwork.release.xcconfig
Patching xcconfig: /Users/pranjalrathod/Projects/MidnightCuriosity/mobile-rn/ios/Pods/Target Support Files/React-RCTNetwork/React-RCTNetwork.release.xcconfig...
DEBUG: Patching definitions in React-RCTRuntime.debug.xcconfig
Patching xcconfig: /Users/pranjalrathod/Projects/MidnightCuriosity/mobile-rn/ios/Pods/Target Support Files/React-RCTRuntime/React-RCTRuntime.debug.xcconfig...
DEBUG: Patching definitions in React-RCTRuntime.release.xcconfig
Patching xcconfig: /Users/pranjalrathod/Projects/MidnightCuriosity/mobile-rn/ios/Pods/Target Support Files/React-RCTRuntime/React-RCTRuntime.release.xcconfig...
DEBUG: Patching definitions in React-RCTSettings.debug.xcconfig
Patching xcconfig: /Users/pranjalrathod/Projects/MidnightCuriosity/mobile-rn/ios/Pods/Target Support Files/React-RCTSettings/React-RCTSettings.debug.xcconfig...
DEBUG: Patching definitions in React-RCTSettings.release.xcconfig
Patching xcconfig: /Users/pranjalrathod/Projects/MidnightCuriosity/mobile-rn/ios/Pods/Target Support Files/React-RCTSettings/React-RCTSettings.release.xcconfig...
DEBUG: Patching definitions in React-RCTText.debug.xcconfig
Patching xcconfig: /Users/pranjalrathod/Projects/MidnightCuriosity/mobile-rn/ios/Pods/Target Support Files/React-RCTText/React-RCTText.debug.xcconfig...
DEBUG: Patching definitions in React-RCTText.release.xcconfig
Patching xcconfig: /Users/pranjalrathod/Projects/MidnightCuriosity/mobile-rn/ios/Pods/Target Support Files/React-RCTText/React-RCTText.release.xcconfig...
DEBUG: Patching definitions in React-RCTVibration.debug.xcconfig
Patching xcconfig: /Users/pranjalrathod/Projects/MidnightCuriosity/mobile-rn/ios/Pods/Target Support Files/React-RCTVibration/React-RCTVibration.debug.xcconfig...
DEBUG: Patching definitions in React-RCTVibration.release.xcconfig
Patching xcconfig: /Users/pranjalrathod/Projects/MidnightCuriosity/mobile-rn/ios/Pods/Target Support Files/React-RCTVibration/React-RCTVibration.release.xcconfig...
DEBUG: Patching definitions in React-RuntimeApple.debug.xcconfig
Patching xcconfig: /Users/pranjalrathod/Projects/MidnightCuriosity/mobile-rn/ios/Pods/Target Support Files/React-RuntimeApple/React-RuntimeApple.debug.xcconfig...
DEBUG: Patching definitions in React-RuntimeApple.release.xcconfig
Patching xcconfig: /Users/pranjalrathod/Projects/MidnightCuriosity/mobile-rn/ios/Pods/Target Support Files/React-RuntimeApple/React-RuntimeApple.release.xcconfig...
DEBUG: Patching definitions in React-RuntimeCore.debug.xcconfig
Patching xcconfig: /Users/pranjalrathod/Projects/MidnightCuriosity/mobile-rn/ios/Pods/Target Support Files/React-RuntimeCore/React-RuntimeCore.debug.xcconfig...
DEBUG: Patching definitions in React-RuntimeCore.release.xcconfig
Patching xcconfig: /Users/pranjalrathod/Projects/MidnightCuriosity/mobile-rn/ios/Pods/Target Support Files/React-RuntimeCore/React-RuntimeCore.release.xcconfig...
DEBUG: Patching definitions in React-RuntimeHermes.debug.xcconfig
Patching xcconfig: /Users/pranjalrathod/Projects/MidnightCuriosity/mobile-rn/ios/Pods/Target Support Files/React-RuntimeHermes/React-RuntimeHermes.debug.xcconfig...
DEBUG: Patching definitions in React-RuntimeHermes.release.xcconfig
Patching xcconfig: /Users/pranjalrathod/Projects/MidnightCuriosity/mobile-rn/ios/Pods/Target Support Files/React-RuntimeHermes/React-RuntimeHermes.release.xcconfig...
DEBUG: Patching definitions in React-callinvoker.debug.xcconfig
Patching xcconfig: /Users/pranjalrathod/Projects/MidnightCuriosity/mobile-rn/ios/Pods/Target Support Files/React-callinvoker/React-callinvoker.debug.xcconfig...
DEBUG: Patching definitions in React-callinvoker.release.xcconfig
Patching xcconfig: /Users/pranjalrathod/Projects/MidnightCuriosity/mobile-rn/ios/Pods/Target Support Files/React-callinvoker/React-callinvoker.release.xcconfig...
DEBUG: Patching definitions in React-cxxreact.debug.xcconfig
Patching xcconfig: /Users/pranjalrathod/Projects/MidnightCuriosity/mobile-rn/ios/Pods/Target Support Files/React-cxxreact/React-cxxreact.debug.xcconfig...
DEBUG: Patching definitions in React-cxxreact.release.xcconfig
Patching xcconfig: /Users/pranjalrathod/Projects/MidnightCuriosity/mobile-rn/ios/Pods/Target Support Files/React-cxxreact/React-cxxreact.release.xcconfig...
DEBUG: Patching definitions in React-debug.debug.xcconfig
Patching xcconfig: /Users/pranjalrathod/Projects/MidnightCuriosity/mobile-rn/ios/Pods/Target Support Files/React-debug/React-debug.debug.xcconfig...
DEBUG: Patching definitions in React-debug.release.xcconfig
Patching xcconfig: /Users/pranjalrathod/Projects/MidnightCuriosity/mobile-rn/ios/Pods/Target Support Files/React-debug/React-debug.release.xcconfig...
DEBUG: Patching definitions in React-defaultsnativemodule.debug.xcconfig
Patching xcconfig: /Users/pranjalrathod/Projects/MidnightCuriosity/mobile-rn/ios/Pods/Target Support Files/React-defaultsnativemodule/React-defaultsnativemodule.debug.xcconfig...
DEBUG: Patching definitions in React-defaultsnativemodule.release.xcconfig
Patching xcconfig: /Users/pranjalrathod/Projects/MidnightCuriosity/mobile-rn/ios/Pods/Target Support Files/React-defaultsnativemodule/React-defaultsnativemodule.release.xcconfig...
DEBUG: Patching definitions in React-domnativemodule.debug.xcconfig
Patching xcconfig: /Users/pranjalrathod/Projects/MidnightCuriosity/mobile-rn/ios/Pods/Target Support Files/React-domnativemodule/React-domnativemodule.debug.xcconfig...
DEBUG: Patching definitions in React-domnativemodule.release.xcconfig
Patching xcconfig: /Users/pranjalrathod/Projects/MidnightCuriosity/mobile-rn/ios/Pods/Target Support Files/React-domnativemodule/React-domnativemodule.release.xcconfig...
DEBUG: Patching definitions in React-featureflags.debug.xcconfig
Patching xcconfig: /Users/pranjalrathod/Projects/MidnightCuriosity/mobile-rn/ios/Pods/Target Support Files/React-featureflags/React-featureflags.debug.xcconfig...
DEBUG: Patching definitions in React-featureflags.release.xcconfig
Patching xcconfig: /Users/pranjalrathod/Projects/MidnightCuriosity/mobile-rn/ios/Pods/Target Support Files/React-featureflags/React-featureflags.release.xcconfig...
DEBUG: Patching definitions in React-featureflagsnativemodule.debug.xcconfig
Patching xcconfig: /Users/pranjalrathod/Projects/MidnightCuriosity/mobile-rn/ios/Pods/Target Support Files/React-featureflagsnativemodule/React-featureflagsnativemodule.debug.xcconfig...
DEBUG: Patching definitions in React-featureflagsnativemodule.release.xcconfig
Patching xcconfig: /Users/pranjalrathod/Projects/MidnightCuriosity/mobile-rn/ios/Pods/Target Support Files/React-featureflagsnativemodule/React-featureflagsnativemodule.release.xcconfig...
DEBUG: Patching definitions in React-graphics.debug.xcconfig
Patching xcconfig: /Users/pranjalrathod/Projects/MidnightCuriosity/mobile-rn/ios/Pods/Target Support Files/React-graphics/React-graphics.debug.xcconfig...
DEBUG: Patching definitions in React-graphics.release.xcconfig
Patching xcconfig: /Users/pranjalrathod/Projects/MidnightCuriosity/mobile-rn/ios/Pods/Target Support Files/React-graphics/React-graphics.release.xcconfig...
DEBUG: Patching definitions in React-hermes.debug.xcconfig
Patching xcconfig: /Users/pranjalrathod/Projects/MidnightCuriosity/mobile-rn/ios/Pods/Target Support Files/React-hermes/React-hermes.debug.xcconfig...
DEBUG: Patching definitions in React-hermes.release.xcconfig
Patching xcconfig: /Users/pranjalrathod/Projects/MidnightCuriosity/mobile-rn/ios/Pods/Target Support Files/React-hermes/React-hermes.release.xcconfig...
DEBUG: Patching definitions in React-idlecallbacksnativemodule.debug.xcconfig
Patching xcconfig: /Users/pranjalrathod/Projects/MidnightCuriosity/mobile-rn/ios/Pods/Target Support Files/React-idlecallbacksnativemodule/React-idlecallbacksnativemodule.debug.xcconfig...
DEBUG: Patching definitions in React-idlecallbacksnativemodule.release.xcconfig
Patching xcconfig: /Users/pranjalrathod/Projects/MidnightCuriosity/mobile-rn/ios/Pods/Target Support Files/React-idlecallbacksnativemodule/React-idlecallbacksnativemodule.release.xcconfig...
DEBUG: Patching definitions in React-jserrorhandler.debug.xcconfig
Patching xcconfig: /Users/pranjalrathod/Projects/MidnightCuriosity/mobile-rn/ios/Pods/Target Support Files/React-jserrorhandler/React-jserrorhandler.debug.xcconfig...
DEBUG: Patching definitions in React-jserrorhandler.release.xcconfig
Patching xcconfig: /Users/pranjalrathod/Projects/MidnightCuriosity/mobile-rn/ios/Pods/Target Support Files/React-jserrorhandler/React-jserrorhandler.release.xcconfig...
DEBUG: Patching definitions in React-jsi.debug.xcconfig
Patching xcconfig: /Users/pranjalrathod/Projects/MidnightCuriosity/mobile-rn/ios/Pods/Target Support Files/React-jsi/React-jsi.debug.xcconfig...
DEBUG: Patching definitions in React-jsi.release.xcconfig
Patching xcconfig: /Users/pranjalrathod/Projects/MidnightCuriosity/mobile-rn/ios/Pods/Target Support Files/React-jsi/React-jsi.release.xcconfig...
DEBUG: Patching definitions in React-jsiexecutor.debug.xcconfig
Patching xcconfig: /Users/pranjalrathod/Projects/MidnightCuriosity/mobile-rn/ios/Pods/Target Support Files/React-jsiexecutor/React-jsiexecutor.debug.xcconfig...
DEBUG: Patching definitions in React-jsiexecutor.release.xcconfig
Patching xcconfig: /Users/pranjalrathod/Projects/MidnightCuriosity/mobile-rn/ios/Pods/Target Support Files/React-jsiexecutor/React-jsiexecutor.release.xcconfig...
DEBUG: Patching definitions in React-jsinspector.debug.xcconfig
Patching xcconfig: /Users/pranjalrathod/Projects/MidnightCuriosity/mobile-rn/ios/Pods/Target Support Files/React-jsinspector/React-jsinspector.debug.xcconfig...
DEBUG: Patching definitions in React-jsinspector.release.xcconfig
Patching xcconfig: /Users/pranjalrathod/Projects/MidnightCuriosity/mobile-rn/ios/Pods/Target Support Files/React-jsinspector/React-jsinspector.release.xcconfig...
DEBUG: Patching definitions in React-jsinspectorcdp.debug.xcconfig
Patching xcconfig: /Users/pranjalrathod/Projects/MidnightCuriosity/mobile-rn/ios/Pods/Target Support Files/React-jsinspectorcdp/React-jsinspectorcdp.debug.xcconfig...
DEBUG: Patching definitions in React-jsinspectorcdp.release.xcconfig
Patching xcconfig: /Users/pranjalrathod/Projects/MidnightCuriosity/mobile-rn/ios/Pods/Target Support Files/React-jsinspectorcdp/React-jsinspectorcdp.release.xcconfig...
DEBUG: Patching definitions in React-jsinspectornetwork.debug.xcconfig
Patching xcconfig: /Users/pranjalrathod/Projects/MidnightCuriosity/mobile-rn/ios/Pods/Target Support Files/React-jsinspectornetwork/React-jsinspectornetwork.debug.xcconfig...
DEBUG: Patching definitions in React-jsinspectornetwork.release.xcconfig
Patching xcconfig: /Users/pranjalrathod/Projects/MidnightCuriosity/mobile-rn/ios/Pods/Target Support Files/React-jsinspectornetwork/React-jsinspectornetwork.release.xcconfig...
DEBUG: Patching definitions in React-jsinspectortracing.debug.xcconfig
Patching xcconfig: /Users/pranjalrathod/Projects/MidnightCuriosity/mobile-rn/ios/Pods/Target Support Files/React-jsinspectortracing/React-jsinspectortracing.debug.xcconfig...
DEBUG: Patching definitions in React-jsinspectortracing.release.xcconfig
Patching xcconfig: /Users/pranjalrathod/Projects/MidnightCuriosity/mobile-rn/ios/Pods/Target Support Files/React-jsinspectortracing/React-jsinspectortracing.release.xcconfig...
DEBUG: Patching definitions in React-jsitooling.debug.xcconfig
Patching xcconfig: /Users/pranjalrathod/Projects/MidnightCuriosity/mobile-rn/ios/Pods/Target Support Files/React-jsitooling/React-jsitooling.debug.xcconfig...
DEBUG: Patching definitions in React-jsitooling.release.xcconfig
Patching xcconfig: /Users/pranjalrathod/Projects/MidnightCuriosity/mobile-rn/ios/Pods/Target Support Files/React-jsitooling/React-jsitooling.release.xcconfig...
DEBUG: Patching definitions in React-jsitracing.debug.xcconfig
Patching xcconfig: /Users/pranjalrathod/Projects/MidnightCuriosity/mobile-rn/ios/Pods/Target Support Files/React-jsitracing/React-jsitracing.debug.xcconfig...
DEBUG: Patching definitions in React-jsitracing.release.xcconfig
Patching xcconfig: /Users/pranjalrathod/Projects/MidnightCuriosity/mobile-rn/ios/Pods/Target Support Files/React-jsitracing/React-jsitracing.release.xcconfig...
DEBUG: Patching definitions in React-logger.debug.xcconfig
Patching xcconfig: /Users/pranjalrathod/Projects/MidnightCuriosity/mobile-rn/ios/Pods/Target Support Files/React-logger/React-logger.debug.xcconfig...
DEBUG: Patching definitions in React-logger.release.xcconfig
Patching xcconfig: /Users/pranjalrathod/Projects/MidnightCuriosity/mobile-rn/ios/Pods/Target Support Files/React-logger/React-logger.release.xcconfig...
DEBUG: Patching definitions in React-microtasksnativemodule.debug.xcconfig
Patching xcconfig: /Users/pranjalrathod/Projects/MidnightCuriosity/mobile-rn/ios/Pods/Target Support Files/React-microtasksnativemodule/React-microtasksnativemodule.debug.xcconfig...
DEBUG: Patching definitions in React-microtasksnativemodule.release.xcconfig
Patching xcconfig: /Users/pranjalrathod/Projects/MidnightCuriosity/mobile-rn/ios/Pods/Target Support Files/React-microtasksnativemodule/React-microtasksnativemodule.release.xcconfig...
DEBUG: Patching definitions in React-oscompat.debug.xcconfig
Patching xcconfig: /Users/pranjalrathod/Projects/MidnightCuriosity/mobile-rn/ios/Pods/Target Support Files/React-oscompat/React-oscompat.debug.xcconfig...
DEBUG: Patching definitions in React-oscompat.release.xcconfig
Patching xcconfig: /Users/pranjalrathod/Projects/MidnightCuriosity/mobile-rn/ios/Pods/Target Support Files/React-oscompat/React-oscompat.release.xcconfig...
DEBUG: Patching definitions in React-perflogger.debug.xcconfig
Patching xcconfig: /Users/pranjalrathod/Projects/MidnightCuriosity/mobile-rn/ios/Pods/Target Support Files/React-perflogger/React-perflogger.debug.xcconfig...
DEBUG: Patching definitions in React-perflogger.release.xcconfig
Patching xcconfig: /Users/pranjalrathod/Projects/MidnightCuriosity/mobile-rn/ios/Pods/Target Support Files/React-perflogger/React-perflogger.release.xcconfig...
DEBUG: Patching definitions in React-performancetimeline.debug.xcconfig
Patching xcconfig: /Users/pranjalrathod/Projects/MidnightCuriosity/mobile-rn/ios/Pods/Target Support Files/React-performancetimeline/React-performancetimeline.debug.xcconfig...
DEBUG: Patching definitions in React-performancetimeline.release.xcconfig
Patching xcconfig: /Users/pranjalrathod/Projects/MidnightCuriosity/mobile-rn/ios/Pods/Target Support Files/React-performancetimeline/React-performancetimeline.release.xcconfig...
DEBUG: Patching definitions in React-rendererconsistency.debug.xcconfig
Patching xcconfig: /Users/pranjalrathod/Projects/MidnightCuriosity/mobile-rn/ios/Pods/Target Support Files/React-rendererconsistency/React-rendererconsistency.debug.xcconfig...
DEBUG: Patching definitions in React-rendererconsistency.release.xcconfig
Patching xcconfig: /Users/pranjalrathod/Projects/MidnightCuriosity/mobile-rn/ios/Pods/Target Support Files/React-rendererconsistency/React-rendererconsistency.release.xcconfig...
DEBUG: Patching definitions in React-renderercss.debug.xcconfig
Patching xcconfig: /Users/pranjalrathod/Projects/MidnightCuriosity/mobile-rn/ios/Pods/Target Support Files/React-renderercss/React-renderercss.debug.xcconfig...
DEBUG: Patching definitions in React-renderercss.release.xcconfig
Patching xcconfig: /Users/pranjalrathod/Projects/MidnightCuriosity/mobile-rn/ios/Pods/Target Support Files/React-renderercss/React-renderercss.release.xcconfig...
DEBUG: Patching definitions in React-rendererdebug.debug.xcconfig
Patching xcconfig: /Users/pranjalrathod/Projects/MidnightCuriosity/mobile-rn/ios/Pods/Target Support Files/React-rendererdebug/React-rendererdebug.debug.xcconfig...
DEBUG: Patching definitions in React-rendererdebug.release.xcconfig
Patching xcconfig: /Users/pranjalrathod/Projects/MidnightCuriosity/mobile-rn/ios/Pods/Target Support Files/React-rendererdebug/React-rendererdebug.release.xcconfig...
DEBUG: Patching definitions in React-runtimeexecutor.debug.xcconfig
Patching xcconfig: /Users/pranjalrathod/Projects/MidnightCuriosity/mobile-rn/ios/Pods/Target Support Files/React-runtimeexecutor/React-runtimeexecutor.debug.xcconfig...
DEBUG: Patching definitions in React-runtimeexecutor.release.xcconfig
Patching xcconfig: /Users/pranjalrathod/Projects/MidnightCuriosity/mobile-rn/ios/Pods/Target Support Files/React-runtimeexecutor/React-runtimeexecutor.release.xcconfig...
DEBUG: Patching definitions in React-runtimescheduler.debug.xcconfig
Patching xcconfig: /Users/pranjalrathod/Projects/MidnightCuriosity/mobile-rn/ios/Pods/Target Support Files/React-runtimescheduler/React-runtimescheduler.debug.xcconfig...
DEBUG: Patching definitions in React-runtimescheduler.release.xcconfig
Patching xcconfig: /Users/pranjalrathod/Projects/MidnightCuriosity/mobile-rn/ios/Pods/Target Support Files/React-runtimescheduler/React-runtimescheduler.release.xcconfig...
DEBUG: Patching definitions in React-timing.debug.xcconfig
Patching xcconfig: /Users/pranjalrathod/Projects/MidnightCuriosity/mobile-rn/ios/Pods/Target Support Files/React-timing/React-timing.debug.xcconfig...
DEBUG: Patching definitions in React-timing.release.xcconfig
Patching xcconfig: /Users/pranjalrathod/Projects/MidnightCuriosity/mobile-rn/ios/Pods/Target Support Files/React-timing/React-timing.release.xcconfig...
DEBUG: Patching definitions in React-utils.debug.xcconfig
Patching xcconfig: /Users/pranjalrathod/Projects/MidnightCuriosity/mobile-rn/ios/Pods/Target Support Files/React-utils/React-utils.debug.xcconfig...
DEBUG: Patching definitions in React-utils.release.xcconfig
Patching xcconfig: /Users/pranjalrathod/Projects/MidnightCuriosity/mobile-rn/ios/Pods/Target Support Files/React-utils/React-utils.release.xcconfig...
DEBUG: Patching definitions in ReactAppDependencyProvider.debug.xcconfig
Patching xcconfig: /Users/pranjalrathod/Projects/MidnightCuriosity/mobile-rn/ios/Pods/Target Support Files/ReactAppDependencyProvider/ReactAppDependencyProvider.debug.xcconfig...
DEBUG: Patching definitions in ReactAppDependencyProvider.release.xcconfig
Patching xcconfig: /Users/pranjalrathod/Projects/MidnightCuriosity/mobile-rn/ios/Pods/Target Support Files/ReactAppDependencyProvider/ReactAppDependencyProvider.release.xcconfig...
DEBUG: Patching definitions in ReactCodegen.debug.xcconfig
Patching xcconfig: /Users/pranjalrathod/Projects/MidnightCuriosity/mobile-rn/ios/Pods/Target Support Files/ReactCodegen/ReactCodegen.debug.xcconfig...
DEBUG: Patching definitions in ReactCodegen.release.xcconfig
Patching xcconfig: /Users/pranjalrathod/Projects/MidnightCuriosity/mobile-rn/ios/Pods/Target Support Files/ReactCodegen/ReactCodegen.release.xcconfig...
DEBUG: Patching definitions in ReactCommon.debug.xcconfig
Patching xcconfig: /Users/pranjalrathod/Projects/MidnightCuriosity/mobile-rn/ios/Pods/Target Support Files/ReactCommon/ReactCommon.debug.xcconfig...
DEBUG: Patching definitions in ReactCommon.release.xcconfig
Patching xcconfig: /Users/pranjalrathod/Projects/MidnightCuriosity/mobile-rn/ios/Pods/Target Support Files/ReactCommon/ReactCommon.release.xcconfig...
DEBUG: Patching definitions in SDWebImage.debug.xcconfig
Patching xcconfig: /Users/pranjalrathod/Projects/MidnightCuriosity/mobile-rn/ios/Pods/Target Support Files/SDWebImage/SDWebImage.debug.xcconfig...
DEBUG: Patching definitions in SDWebImage.release.xcconfig
Patching xcconfig: /Users/pranjalrathod/Projects/MidnightCuriosity/mobile-rn/ios/Pods/Target Support Files/SDWebImage/SDWebImage.release.xcconfig...
DEBUG: Patching definitions in SDWebImageAVIFCoder.debug.xcconfig
Patching xcconfig: /Users/pranjalrathod/Projects/MidnightCuriosity/mobile-rn/ios/Pods/Target Support Files/SDWebImageAVIFCoder/SDWebImageAVIFCoder.debug.xcconfig...
DEBUG: Patching definitions in SDWebImageAVIFCoder.release.xcconfig
Patching xcconfig: /Users/pranjalrathod/Projects/MidnightCuriosity/mobile-rn/ios/Pods/Target Support Files/SDWebImageAVIFCoder/SDWebImageAVIFCoder.release.xcconfig...
DEBUG: Patching definitions in SDWebImageSVGCoder.debug.xcconfig
Patching xcconfig: /Users/pranjalrathod/Projects/MidnightCuriosity/mobile-rn/ios/Pods/Target Support Files/SDWebImageSVGCoder/SDWebImageSVGCoder.debug.xcconfig...
DEBUG: Patching definitions in SDWebImageSVGCoder.release.xcconfig
Patching xcconfig: /Users/pranjalrathod/Projects/MidnightCuriosity/mobile-rn/ios/Pods/Target Support Files/SDWebImageSVGCoder/SDWebImageSVGCoder.release.xcconfig...
DEBUG: Patching definitions in SDWebImageWebPCoder.debug.xcconfig
Patching xcconfig: /Users/pranjalrathod/Projects/MidnightCuriosity/mobile-rn/ios/Pods/Target Support Files/SDWebImageWebPCoder/SDWebImageWebPCoder.debug.xcconfig...
DEBUG: Patching definitions in SDWebImageWebPCoder.release.xcconfig
Patching xcconfig: /Users/pranjalrathod/Projects/MidnightCuriosity/mobile-rn/ios/Pods/Target Support Files/SDWebImageWebPCoder/SDWebImageWebPCoder.release.xcconfig...
DEBUG: Patching definitions in SocketRocket.debug.xcconfig
Patching xcconfig: /Users/pranjalrathod/Projects/MidnightCuriosity/mobile-rn/ios/Pods/Target Support Files/SocketRocket/SocketRocket.debug.xcconfig...
DEBUG: Patching definitions in SocketRocket.release.xcconfig
Patching xcconfig: /Users/pranjalrathod/Projects/MidnightCuriosity/mobile-rn/ios/Pods/Target Support Files/SocketRocket/SocketRocket.release.xcconfig...
DEBUG: Patching definitions in Yoga.debug.xcconfig
Patching xcconfig: /Users/pranjalrathod/Projects/MidnightCuriosity/mobile-rn/ios/Pods/Target Support Files/Yoga/Yoga.debug.xcconfig...
DEBUG: Patching definitions in Yoga.release.xcconfig
Patching xcconfig: /Users/pranjalrathod/Projects/MidnightCuriosity/mobile-rn/ios/Pods/Target Support Files/Yoga/Yoga.release.xcconfig...
DEBUG: Patching definitions in boost.debug.xcconfig
Patching xcconfig: /Users/pranjalrathod/Projects/MidnightCuriosity/mobile-rn/ios/Pods/Target Support Files/boost/boost.debug.xcconfig...
DEBUG: Patching definitions in boost.release.xcconfig
Patching xcconfig: /Users/pranjalrathod/Projects/MidnightCuriosity/mobile-rn/ios/Pods/Target Support Files/boost/boost.release.xcconfig...
DEBUG: Patching definitions in fast_float.debug.xcconfig
Patching xcconfig: /Users/pranjalrathod/Projects/MidnightCuriosity/mobile-rn/ios/Pods/Target Support Files/fast_float/fast_float.debug.xcconfig...
DEBUG: Patching definitions in fast_float.release.xcconfig
Patching xcconfig: /Users/pranjalrathod/Projects/MidnightCuriosity/mobile-rn/ios/Pods/Target Support Files/fast_float/fast_float.release.xcconfig...
DEBUG: Patching definitions in fmt.debug.xcconfig
Patching xcconfig: /Users/pranjalrathod/Projects/MidnightCuriosity/mobile-rn/ios/Pods/Target Support Files/fmt/fmt.debug.xcconfig...
DEBUG: Patching definitions in fmt.release.xcconfig
Patching xcconfig: /Users/pranjalrathod/Projects/MidnightCuriosity/mobile-rn/ios/Pods/Target Support Files/fmt/fmt.release.xcconfig...
DEBUG: Patching definitions in glog.debug.xcconfig
Patching xcconfig: /Users/pranjalrathod/Projects/MidnightCuriosity/mobile-rn/ios/Pods/Target Support Files/glog/glog.debug.xcconfig...
DEBUG: Patching definitions in glog.release.xcconfig
Patching xcconfig: /Users/pranjalrathod/Projects/MidnightCuriosity/mobile-rn/ios/Pods/Target Support Files/glog/glog.release.xcconfig...
DEBUG: Patching definitions in hermes-engine.debug.xcconfig
Patching xcconfig: /Users/pranjalrathod/Projects/MidnightCuriosity/mobile-rn/ios/Pods/Target Support Files/hermes-engine/hermes-engine.debug.xcconfig...
DEBUG: Patching definitions in hermes-engine.release.xcconfig
Patching xcconfig: /Users/pranjalrathod/Projects/MidnightCuriosity/mobile-rn/ios/Pods/Target Support Files/hermes-engine/hermes-engine.release.xcconfig...
DEBUG: Patching definitions in libavif.debug.xcconfig
Patching xcconfig: /Users/pranjalrathod/Projects/MidnightCuriosity/mobile-rn/ios/Pods/Target Support Files/libavif/libavif.debug.xcconfig...
DEBUG: Patching definitions in libavif.release.xcconfig
Patching xcconfig: /Users/pranjalrathod/Projects/MidnightCuriosity/mobile-rn/ios/Pods/Target Support Files/libavif/libavif.release.xcconfig...
DEBUG: Patching definitions in libdav1d.debug.xcconfig
Patching xcconfig: /Users/pranjalrathod/Projects/MidnightCuriosity/mobile-rn/ios/Pods/Target Support Files/libdav1d/libdav1d.debug.xcconfig...
DEBUG: Patching definitions in libdav1d.release.xcconfig
Patching xcconfig: /Users/pranjalrathod/Projects/MidnightCuriosity/mobile-rn/ios/Pods/Target Support Files/libdav1d/libdav1d.release.xcconfig...
DEBUG: Patching definitions in libwebp.debug.xcconfig
Patching xcconfig: /Users/pranjalrathod/Projects/MidnightCuriosity/mobile-rn/ios/Pods/Target Support Files/libwebp/libwebp.debug.xcconfig...
DEBUG: Patching definitions in libwebp.release.xcconfig
Patching xcconfig: /Users/pranjalrathod/Projects/MidnightCuriosity/mobile-rn/ios/Pods/Target Support Files/libwebp/libwebp.release.xcconfig...
DEBUG: Patching definitions in nanopb.debug.xcconfig
Patching xcconfig: /Users/pranjalrathod/Projects/MidnightCuriosity/mobile-rn/ios/Pods/Target Support Files/nanopb/nanopb.debug.xcconfig...
DEBUG: Patching definitions in nanopb.release.xcconfig
Patching xcconfig: /Users/pranjalrathod/Projects/MidnightCuriosity/mobile-rn/ios/Pods/Target Support Files/nanopb/nanopb.release.xcconfig...
DEBUG: Patching definitions in react-native-safe-area-context.debug.xcconfig
Patching xcconfig: /Users/pranjalrathod/Projects/MidnightCuriosity/mobile-rn/ios/Pods/Target Support Files/react-native-safe-area-context/react-native-safe-area-context.debug.xcconfig...
DEBUG: Patching definitions in react-native-safe-area-context.release.xcconfig
Patching xcconfig: /Users/pranjalrathod/Projects/MidnightCuriosity/mobile-rn/ios/Pods/Target Support Files/react-native-safe-area-context/react-native-safe-area-context.release.xcconfig...
DEBUG: Patching definitions in react-native-webview.debug.xcconfig
Patching xcconfig: /Users/pranjalrathod/Projects/MidnightCuriosity/mobile-rn/ios/Pods/Target Support Files/react-native-webview/react-native-webview.debug.xcconfig...
DEBUG: Patching definitions in react-native-webview.release.xcconfig
Patching xcconfig: /Users/pranjalrathod/Projects/MidnightCuriosity/mobile-rn/ios/Pods/Target Support Files/react-native-webview/react-native-webview.release.xcconfig...
Patching fmt/base.h for Xcode compatibility...
Successfully patched fmt for Xcode 26 compatibility.
Integrating client project

[!] Please close any current Xcode sessions and use `EduPro.xcworkspace` for this project from now on.
[Expo] Installing the build script for target EduPro
Pod installation complete! There are 117 dependencies from the Podfile and 135 total pods installed.
[Expo] Adding '[Expo Autolinking] Run Codegen with autolinking' build phase to ReactCodegen

[!] The `EduPro [Debug]` target overrides the `EXCLUDED_ARCHS[sdk=iphonesimulator*]` build setting defined in `Pods/Target Support Files/Pods-EduPro/Pods-EduPro.debug.xcconfig'. This can lead to problems with the CocoaPods installation

[!] The `EduPro [Release]` target overrides the `EXCLUDED_ARCHS[sdk=iphonesimulator*]` build setting defined in `Pods/Target Support Files/Pods-EduPro/Pods-EduPro.release.xcconfig'. This can lead to problems with the CocoaPods installation

[!] hermes-engine has added 1 script phase. Please inspect before executing a build. See `https://guides.cocoapods.org/syntax/podspec.html#script_phases` for more information.
    - Use the `$(inherited)` flag, or
    - Remove the build settings from the target.
    - Use the `$(inherited)` flag, or
    - Remove the build settings from the target.
